---
source: omnibor-cli/tests/test.rs
info:
  program: omnibor
  args: []
---
success: false
exit_code: 2
----- stdout -----

----- stderr -----
CLI for working with OmniBOR Identifiers and Manifests

Usage: omnibor [OPTIONS] <COMMAND>

Commands:
  artifact  Actions related to Artifact Identifiers
  manifest  Actions related to Input Manifests
  debug     Actions to help debug the OmniBOR CLI
  help      Print this message or the help of the given subcommand(s)

Options:
  -v, --verbose...  Increase logging verbosity
  -q, --quiet...    Decrease logging verbosity
  -h, --help        Print help (see more with '--help')
  -V, --version     Print version

General Flags:
  -f, --format <FORMAT>  Output format [env: OMNIBOR_FORMAT=] [possible values: plain, json, short]
  -H, --hash <HASH>      Hash algorithm to use when parsing Artifact IDs [env: OMNIBOR_HASH=] [possible values: sha256]
  -d, --dir <DIR>        Directory to store manifests [env: OMNIBOR_DIR=]
  -c, --config <CONFIG>  Path to a configuration file [env: OMNIBOR_CONFIG=]
      --console          Turn on 'tokio-console' debug integration [env: OMNIBOR_CONSOLE=]
